=== generation stats ===
{
  "frames": 683,
  "flows": 2706,
  "flows_ok": 1735,
  "generated": 4752,
  "neighbours": 1735,
  "psnr_flow_mean": 27.355836700215395,
  "psnr_none_mean": 19.20088133486644
}=== grid start Sat, Sep 12, 2026  5:46:21 PM ===
[shard 2] 6 cells to run (0 already done)
[shard 2] [1/6] budget= 1 arm=propagate      seed=0  J=0.3241  es=0.663  best_step=1600  3.1 min  (elapsed 3 min)
[shard 2] [2/6] budget= 2 arm=propagate      seed=0  J=0.3628  es=0.742  best_step=2000  3.0 min  (elapsed 6 min)
[shard 2] [3/6] budget= 1 arm=flow           seed=1  J=0.3223  es=0.681  best_step=1400  2.9 min  (elapsed 9 min)
[shard 2] [4/6] budget= 1 arm=propagate      seed=2  J=0.3302  es=0.692  best_step=1400  3.0 min  (elapsed 12 min)
[shard 2] [5/6] budget= 2 arm=flow           seed=1  J=0.3797  es=0.761  best_step=2200  2.9 min  (elapsed 15 min)
[shard 2] [6/6] budget= 2 arm=propagate      seed=2  J=0.3856  es=0.759  best_step=2000  3.0 min  (elapsed 18 min)
[shard 1] 6 cells to run (0 already done)
[shard 1] [1/6] budget= 1 arm=flow           seed=0  J=0.3359  es=0.684  best_step=3000  3.1 min  (elapsed 3 min)
[shard 1] [2/6] budget= 2 arm=flow           seed=0  J=0.3643  es=0.752  best_step=3600  2.9 min  (elapsed 6 min)
[shard 1] [3/6] budget= 1 arm=standard       seed=2  J=0.3975  es=0.738  best_step=3800  3.1 min  (elapsed 9 min)
[shard 1] [4/6] budget= 1 arm=propagate      seed=1  J=0.3153  es=0.667  best_step=1800  3.0 min  (elapsed 12 min)
[shard 1] [5/6] budget= 2 arm=standard       seed=2  J=0.4253  es=0.795  best_step=3800  3.1 min  (elapsed 16 min)
[shard 1] [6/6] budget= 2 arm=propagate      seed=1  J=0.3833  es=0.735  best_step=2000  2.9 min  (elapsed 19 min)
[shard 0] 6 cells to run (0 already done)
[shard 0] [1/6] budget= 1 arm=standard       seed=0  J=0.3714  es=0.703  best_step=3400  3.3 min  (elapsed 3 min)
[shard 0] [2/6] budget= 2 arm=standard       seed=0  J=0.4268  es=0.781  best_step=3600  3.2 min  (elapsed 7 min)
[shard 0] [3/6] budget= 1 arm=standard       seed=1  J=0.3865  es=0.726  best_step=4000  3.1 min  (elapsed 10 min)
[shard 0] [4/6] budget= 1 arm=flow           seed=2  J=0.3529  es=0.685  best_step=1800  2.9 min  (elapsed 13 min)
[shard 0] [5/6] budget= 2 arm=standard       seed=1  J=0.4092  es=0.786  best_step=4000  3.2 min  (elapsed 16 min)
[shard 0] [6/6] budget= 2 arm=flow           seed=2  J=0.4041  es=0.767  best_step=2400  2.8 min  (elapsed 19 min)
[shard 2] 2 cells to run (16 already done)
[shard 2] [1/2] budget=20 arm=standard       seed=1  J=0.4013  es=0.801  best_step=4000  3.2 min  (elapsed 3 min)
[shard 2] [2/2] budget=20 arm=flow           seed=2  J=0.4200  es=0.872  best_step=4000  2.8 min  (elapsed 6 min)
[shard 1] 2 cells to run (17 already done)
[shard 1] [1/2] budget=20 arm=flow           seed=0  J=0.4266  es=0.870  best_step=4000  2.9 min  (elapsed 3 min)
[shard 1] [2/2] budget=20 arm=flow           seed=1  J=0.4089  es=0.864  best_step=4000  2.9 min  (elapsed 6 min)
[shard 0] 2 cells to run (18 already done)
[shard 0] [1/2] budget=20 arm=standard       seed=0  J=0.4492  es=0.813  best_step=4000  3.0 min  (elapsed 3 min)
[shard 0] [2/2] budget=20 arm=standard       seed=2  J=0.4635  es=0.824  best_step=4000  2.9 min  (elapsed 6 min)
=== grid done Sat, Sep 12, 2026  6:11:15 PM ===
